[backblue.gif]
[fade.gif]
[index.html]
[www.medicine.mcgill.ca/epidemiology/Joseph/courses/EPIB-621/BasicInfo.pdf]
[www.medicine.mcgill.ca/epidemiology/Joseph/img/homepage/idea4i.jpg]
[www.medicine.mcgill.ca/epidemiology/Joseph/courses/EPIB-621/Hosmer.review.pdf]
[www.medicine.mcgill.ca/epidemiology/Joseph/courses/EPIB-621/Woodworth.review.pdf]
[www.medicine.mcgill.ca/epidemiology/Joseph/courses/EPIB-621/Gelman.pdf]
[www.medicine.mcgill.ca/epidemiology/Joseph/courses/EPIB-621/MeanProp.pdf]
[www.medicine.mcgill.ca/epidemiology/Joseph/courses/EPIB-621/probability.pdf]
[www.medicine.mcgill.ca/epidemiology/Joseph/courses/EPIB-621/Means.pdf]
[www.medicine.mcgill.ca/epidemiology/Joseph/courses/EPIB-621/Proportions.pdf]
[www.medicine.mcgill.ca/epidemiology/Joseph/courses/EPIB-621/BASP2015.pdf]
[www.medicine.mcgill.ca/epidemiology/Joseph/courses/EPIB-621/Bayes2.pdf]
[www.medicine.mcgill.ca/epidemiology/Joseph/courses/EPIB-621/R621.pdf]
[www.medicine.mcgill.ca/epidemiology/Joseph/courses/EPIB-621/post.normal.mean.txt]
[www.medicine.mcgill.ca/epidemiology/Joseph/courses/EPIB-621/regression.pdf]
[www.medicine.mcgill.ca/epidemiology/Joseph/courses/EPIB-621/regression.with.ci.txt]
[www.medicine.mcgill.ca/epidemiology/Joseph/courses/EPIB-621/dmf.data.txt]
[www.medicine.mcgill.ca/epidemiology/Joseph/courses/EPIB-621/multiple.pdf]
[www.medicine.mcgill.ca/epidemiology/Joseph/courses/EPIB-621/multiple.regression.with.ci.txt]
[www.medicine.mcgill.ca/epidemiology/Joseph/courses/EPIB-621/HeartData.txt]
[www.medicine.mcgill.ca/epidemiology/Joseph/courses/EPIB-621/dummy.pdf]
[www.medicine.mcgill.ca/epidemiology/Joseph/courses/EPIB-621/smoking.txt]
[www.medicine.mcgill.ca/epidemiology/Joseph/courses/EPIB-621/confounding.pdf]
[www.medicine.mcgill.ca/epidemiology/Joseph/courses/EPIB-621/hr.txt]
[www.medicine.mcgill.ca/epidemiology/Joseph/courses/EPIB-621/interaction.pdf]
[www.medicine.mcgill.ca/epidemiology/Joseph/courses/EPIB-621/fat.txt]
[www.medicine.mcgill.ca/epidemiology/Joseph/courses/EPIB-621/fit.pdf]
[www.medicine.mcgill.ca/epidemiology/Joseph/courses/EPIB-621/Bayesreg.pdf]
[www.medicine.mcgill.ca/epidemiology/Joseph/courses/EPIB-621/select.pdf]
[www.medicine.mcgill.ca/epidemiology/Joseph/courses/EPIB-621/raftery1995.pdf]
[www.medicine.mcgill.ca/epidemiology/Joseph/courses/EPIB-621/aicbic.pdf]
[www.medicine.mcgill.ca/epidemiology/Joseph/courses/EPIB-621/vacation2.jpg]
[www.medicine.mcgill.ca/epidemiology/Joseph/courses/EPIB-621/freqfrank.jpg]
[www.medicine.mcgill.ca/epidemiology/Joseph/courses/EPIB-621/hier.pdf]
[www.medicine.mcgill.ca/epidemiology/Joseph/courses/EPIB-621/crp.txt]
[www.medicine.mcgill.ca/epidemiology/Joseph/courses/EPIB-621/bpodc.txt]
[www.medicine.mcgill.ca/epidemiology/Joseph/courses/EPIB-621/logistic1.pdf]
[www.medicine.mcgill.ca/epidemiology/Joseph/courses/EPIB-621/agechd.txt]
[www.medicine.mcgill.ca/epidemiology/Joseph/courses/EPIB-621/logistic.regression.or.ci.txt]
[www.medicine.mcgill.ca/epidemiology/Joseph/courses/EPIB-621/vacation3.jpg]
[www.medicine.mcgill.ca/epidemiology/Joseph/courses/EPIB-621/vacation1.jpg]
[www.medicine.mcgill.ca/epidemiology/Joseph/courses/EPIB-621/logistic2.pdf]
[www.medicine.mcgill.ca/epidemiology/Joseph/courses/EPIB-621/icudat.txt]
[www.medicine.mcgill.ca/epidemiology/Joseph/courses/EPIB-621/logconfound.pdf]
[www.medicine.mcgill.ca/epidemiology/Joseph/courses/EPIB-621/lbw.txt]
[www.medicine.mcgill.ca/epidemiology/Joseph/courses/EPIB-621/logfit.pdf]
[www.medicine.mcgill.ca/epidemiology/Joseph/courses/EPIB-621/bayeslogit.pdf]
[www.medicine.mcgill.ca/epidemiology/Joseph/courses/EPIB-621/lbwbugs.txt]
[www.medicine.mcgill.ca/epidemiology/Joseph/courses/EPIB-621/logselect.pdf]
[www.medicine.mcgill.ca/epidemiology/Joseph/courses/EPIB-621/loghier.pdf]
[www.medicine.mcgill.ca/epidemiology/Joseph/courses/EPIB-621/osteo.txt]
[www.medicine.mcgill.ca/epidemiology/Joseph/courses/EPIB-621/brophy.pdf]
[www.medicine.mcgill.ca/epidemiology/Joseph/courses/EPIB-621/brophy.program.pdf]
[www.medicine.mcgill.ca/epidemiology/Joseph/courses/EPIB-621/missing621.pdf]
[www.medicine.mcgill.ca/epidemiology/Joseph/courses/EPIB-621/consultation.jpg]
[www.medicine.mcgill.ca/epidemiology/Joseph/courses/EPIB-621/CourseOutline.html]
[www.medicine.mcgill.ca/epidemiology/Joseph/courses/EPIB-621/assign2num3.txt]
[www.medicine.mcgill.ca/epidemiology/Joseph/courses/EPIB-621/assign2num6.txt]
[www.medicine.mcgill.ca/epidemiology/Joseph/courses/EPIB-621/assign3num1.txt]
[www.medicine.mcgill.ca/epidemiology/Joseph/courses/EPIB-621/dosedat.txt]
[www.medicine.mcgill.ca/epidemiology/Joseph/courses/EPIB-621/drugfree.bugs.txt]
[www.medicine.mcgill.ca/epidemiology/Joseph/courses/EPIB-621/drugfree.txt]
[www.medicine.mcgill.ca/epidemiology/Joseph/courses/EPIB-621/fish.bugs.txt]
[www.medicine.mcgill.ca/epidemiology/Joseph/courses/EPIB-621/fish.txt]
[www.medicine.mcgill.ca/epidemiology/Joseph/courses/EPIB-621/heart.txt]
[www.medicine.mcgill.ca/epidemiology/Joseph/courses/EPIB-621/kidney.txt]
[www.medicine.mcgill.ca/epidemiology/Joseph/courses/EPIB-621/plasma.txt]
[www.medicine.mcgill.ca/epidemiology/Joseph/courses/EPIB-621/satisfaction.txt]
[www.medicine.mcgill.ca/epidemiology/Joseph/courses/EPIB-621/bic.or.txt]
[www.medicine.mcgill.ca/epidemiology/Joseph/courses/EPIB-621/WinBUGS_Mac.pdf]
[www.medicine.mcgill.ca/epidemiology/Joseph/courses/EPIB-621/rosenberg.joseph.barkun.pdf]
[www.medicine.mcgill.ca/epidemiology/Joseph/courses/EPIB-621/main.html]
[www.medicine.mcgill.ca/epidemiology/Joseph/courses/EPIB-621/BasicInfo.html]
[www.medicine.mcgill.ca/epidemiology/Joseph/courses/EPIB-621/FAQ.html]
[www.medicine.mcgill.ca/epidemiology/Joseph/courses/EPIB-621/my.data.html]
